Student 1: 1
Student 2: 4
Student 3: 3
Student 4: 2
