Student 1: 0
Student 2: 2
Student 3: 3
Student 4: 1
