Student 1: 1
Student 2: 2
Student 3: 2
Student 4: 1
