Student 1: 2
Student 2: 2
Student 3: 1
Student 4: 1
Student 5: 3
Student 6: 3
