Student 1: 4
Student 2: 3
Student 3: 2
Student 4: 1
Student 5: 5
